[smashcamp.xyz/index.html]
[backblue.gif]
[fade.gif]
[index.html]
[smashcamp.xyz/assets/favicon/apple-touch-icon-700c1729390e4bcd80dc524d7653b62dda017558cf466c36024d3978edbf5cb4.png]
[smashcamp.xyz/assets/favicon/favicon-32x32-b1a4d2e53b6d3fb34b15b9d34f672b09a21abed2d26fb0725df849c894380d4e.png]
[smashcamp.xyz/assets/favicon/android-chrome-192x192-2f380ee5306769371f6194b4d99b518127fcf8dd3d2f57e5e5fb030182fc59f0.png]
[smashcamp.xyz/assets/favicon/favicon-16x16-908a87cfc50ab33620dacb12c1ab067b27e9035386de14d78d2a725224f4320d.png]
[smashcamp.xyz/assets/favicon/site-2273664cb123a850b88677114fec041d66e61381cf6f35321e26f35311cddb4b.webmanifest]
[smashcamp.xyz/assets/favicon/safari-pinned-tab-41e528224200cf9a750bbc9c81666db7481bf71e80b699e423bf4b41ecd9bdbd.svg]
[smashcamp.xyz/assets/favicon/browserconfig-89cc29691fea276c02cfd1e91f982350cfe9295959710b66c9a60badf55e7f8a.xml]
[smashcamp.xyz/assets/application-553ded0ac6a080f3591b1de83dc8d2afbed2f7facb00d7c6e20658841a9430d3.css]
[smashcamp.xyz/pre-camp.html]
[smashcamp.xyz/packs/js/application-301b03ef042730d816eb.js]
[smashcamp.xyz/days/1.html]
[smashcamp.xyz/days/2.html]
[smashcamp.xyz/days/3.html]
[smashcamp.xyz/days/4.html]
[smashcamp.xyz/days/5.html]
[smashcamp.xyz/conclusion.html]
[smashcamp.xyz/events/side-events.html]
[smashcamp.xyz/events.html]
[smashcamp.xyz/SmashCamp.png]
[smashcamp.xyz/pages/hall_of_fame.html]
[smashcamp.xyz/index.html]
[smashcamp.xyz/SmashCamp.html]
[smashcamp.xyz/assets/favicon/safari-pinned-tab-41e528224200cf9a750bbc9c81666db7481bf71e80b699e423bf4b41ecd9bdbd.svg]
[smashcamp.xyz/assets/application-553ded0ac6a080f3591b1de83dc8d2afbed2f7facb00d7c6e20658841a9430d3.css]
[smashcamp.xyz/events/28.html]
[smashcamp.xyz/events/29.html]
[smashcamp.xyz/events/52.html]
[smashcamp.xyz/events/41.html]
[smashcamp.xyz/events/38.html]
[smashcamp.xyz/events/39.html]
[smashcamp.xyz/events/31.html]
[smashcamp.xyz/events/60.html]
[smashcamp.xyz/events/62.html]
[smashcamp.xyz/pre-camp.html]
[smashcamp.xyz/events/32.html]
[smashcamp.xyz/assets/SmashCamp-47380b0a5e09e256075fe39b4654bc26542977db42ca269b6dc7351709a5e9c7.png]
[smashcamp.xyz/REEEE.html]
[smashcamp.xyz/assets/stardivider-dd810b73e53041cad6c10947719a83c4b916b2caffcaebc3974ed966f222968c.png]
[smashcamp.xyz/assets/WelcomeToDay1-eac4824b3060d2d93b204c6916b40e391ab69eee74877bb09154cec442df48b5.png]
[smashcamp.xyz/stardivider.png]
[smashcamp.xyz/rails/active_storage/disk/eyJfcmFpbHMiOnsibWVzc2FnZSI6IkJBaDdDVG9JYTJWNVN/Submission Guidelines.png_; filename_=UTF-8''Submission%20Guidelines.png]
[smashcamp.xyz/rails/active_storage/disk/eyJfcmFpbHMiOnsibWVzc2FnZSI6IkJBaDdDVG9JYTJWNVN/Submission Guidelines.png_; filename_=UTF-8''Submission%20Guidelines-2.png]
[smashcamp.xyz/rails/active_storage/disk/eyJfcmFpbHMiOnsibWVzc2FnZSI6IkJBaDdDVG9JYTJWNVN/Todays Activities.png_; filename_=UTF-8''Todays%20Activities.png]
[smashcamp.xyz/rails/active_storage/disk/eyJfcmFpbHMiOnsibWVzc2FnZSI6IkJBaDdDVG9JYTJWNVN/Todays Activities.png_; filename_=UTF-8''Todays%20Activities-2.png]
[smashcamp.xyz/rails/active_storage/disk/eyJfcmFpbHMiOnsibWVzc2FnZSI6IkJBaDdDVG9JYTJWNVN/Screenshot_393.png_; filename_=UTF-8''Screenshot_393.png]
[smashcamp.xyz/rails/active_storage/disk/eyJfcmFpbHMiOnsibWVzc2FnZSI6IkJBaDdDVG9JYTJWNVN/Screenshot_393.png_; filename_=UTF-8''Screenshot_393-2.png]
[smashcamp.xyz/rails/active_storage/disk/eyJfcmFpbHMiOnsibWVzc2FnZSI6IkJBaDdDVG9JYTJWNVN/Screenshot_395.png_; filename_=UTF-8''Screenshot_395.png]
[smashcamp.xyz/rails/active_storage/disk/eyJfcmFpbHMiOnsibWVzc2FnZSI6IkJBaDdDVG9JYTJWNVN/Screenshot_395.png_; filename_=UTF-8''Screenshot_395-2.png]
[smashcamp.xyz/rails/active_storage/disk/eyJfcmFpbHMiOnsibWVzc2FnZSI6IkJBaDdDVG9JYTJWNVN/AV cables.jpg_; filename_=UTF-8''AV%20cables.jpg]
[smashcamp.xyz/rails/active_storage/disk/eyJfcmFpbHMiOnsibWVzc2FnZSI6IkJBaDdDVG9JYTJWNVN/AV cables.jpg_; filename_=UTF-8''AV%20cables-2.jpg]
[smashcamp.xyz/rails/active_storage/disk/eyJfcmFpbHMiOnsibWVzc2FnZSI6IkJBaDdDVG9JYTJWNVN/Skeleton.jpg_; filename_=UTF-8''Skeleton.jpg]
[smashcamp.xyz/rails/active_storage/disk/eyJfcmFpbHMiOnsibWVzc2FnZSI6IkJBaDdDVG9JYTJWNVN/Skeleton.jpg_; filename_=UTF-8''Skeleton-2.jpg]
[smashcamp.xyz/rails/active_storage/disk/eyJfcmFpbHMiOnsibWVzc2FnZSI6IkJBaDdDVG9JYTJWNVN/Pink Flower.jpg_; filename_=UTF-8''Pink%20Flower.jpg]
[smashcamp.xyz/rails/active_storage/disk/eyJfcmFpbHMiOnsibWVzc2FnZSI6IkJBaDdDVG9JYTJWNVN/Pink Flower.jpg_; filename_=UTF-8''Pink%20Flower-2.jpg]
[smashcamp.xyz/rails/active_storage/disk/eyJfcmFpbHMiOnsibWVzc2FnZSI6IkJBaDdDVG9JYTJWNVN/cabin5.jpg_; filename_=UTF-8''cabin5.jpg]
[smashcamp.xyz/rails/active_storage/disk/eyJfcmFpbHMiOnsibWVzc2FnZSI6IkJBaDdDVG9JYTJWNVN/cabin5.jpg_; filename_=UTF-8''cabin5-2.jpg]
[smashcamp.xyz/days/1.html]
[smashcamp.xyz/events/56.html]
[smashcamp.xyz/assets/WelcomeToDay2-f4df9d6ffa8a11ae5fff3b354be47feda260f6855202d5bd63ec3a3e423d866e.png]
[smashcamp.xyz/assets/Results-e5362034d7c22d33a33d7c0c62409edb10c6952424f26de3e11794470308bec6.png]
[smashcamp.xyz/Cabin1.png]
[smashcamp.xyz/Cabin2.png]
[smashcamp.xyz/Cabin3.png]
[smashcamp.xyz/Cabin4.png]
[smashcamp.xyz/rails/active_storage/disk/eyJfcmFpbHMiOnsibWVzc2FnZSI6IkJBaDdDVG9JYTJWNVN/demioseskeleton.png_; filename_=UTF-8''demioseskeleton.png]
[smashcamp.xyz/rails/active_storage/disk/eyJfcmFpbHMiOnsibWVzc2FnZSI6IkJBaDdDVG9JYTJWNVN/demioseskeleton.png_; filename_=UTF-8''demioseskeleton-2.png]
[smashcamp.xyz/rails/active_storage/disk/eyJfcmFpbHMiOnsibWVzc2FnZSI6IkJBaDdDVG9JYTJWNVN/kittyskeleton.png_; filename_=UTF-8''kittyskeleton.png]
[smashcamp.xyz/rails/active_storage/disk/eyJfcmFpbHMiOnsibWVzc2FnZSI6IkJBaDdDVG9JYTJWNVN/kittyskeleton.png_; filename_=UTF-8''kittyskeleton-2.png]
[smashcamp.xyz/rails/active_storage/disk/eyJfcmFpbHMiOnsibWVzc2FnZSI6IkJBaDdDVG9JYTJWNVN/saffiyaskeleton.png_; filename_=UTF-8''saffiyaskeleton.png]
[smashcamp.xyz/rails/active_storage/disk/eyJfcmFpbHMiOnsibWVzc2FnZSI6IkJBaDdDVG9JYTJWNVN/saffiyaskeleton.png_; filename_=UTF-8''saffiyaskeleton-2.png]
[smashcamp.xyz/rails/active_storage/disk/eyJfcmFpbHMiOnsibWVzc2FnZSI6IkJBaDdDVG9JYTJWNVN/infinite-craft-game.webp_; filename_=UTF-8''infinite-craft-game.webp]
[smashcamp.xyz/rails/active_storage/disk/eyJfcmFpbHMiOnsibWVzc2FnZSI6IkJBaDdDVG9JYTJWNVN/infinite-craft-game.png_; filename_=UTF-8''infinite-craft-game.png]
[smashcamp.xyz/rails/active_storage/disk/eyJfcmFpbHMiOnsibWVzc2FnZSI6IkJBaDdDVG9JYTJWNVN/Screenshot_396.png_; filename_=UTF-8''Screenshot_396.png]
[smashcamp.xyz/rails/active_storage/disk/eyJfcmFpbHMiOnsibWVzc2FnZSI6IkJBaDdDVG9JYTJWNVN/Screenshot_396.png_; filename_=UTF-8''Screenshot_396-2.png]
[smashcamp.xyz/rails/active_storage/disk/eyJfcmFpbHMiOnsibWVzc2FnZSI6IkJBaDdDVG9JYTJWNVN/Screenshot_398.png_; filename_=UTF-8''Screenshot_398.png]
[smashcamp.xyz/rails/active_storage/disk/eyJfcmFpbHMiOnsibWVzc2FnZSI6IkJBaDdDVG9JYTJWNVN/Screenshot_398.png_; filename_=UTF-8''Screenshot_398-2.png]
[smashcamp.xyz/rails/active_storage/disk/eyJfcmFpbHMiOnsibWVzc2FnZSI6IkJBaDdDVG9JYTJWNVN/Link figure.jpg_; filename_=UTF-8''Link%20figure.jpg]
[smashcamp.xyz/rails/active_storage/disk/eyJfcmFpbHMiOnsibWVzc2FnZSI6IkJBaDdDVG9JYTJWNVN/Link figure.jpg_; filename_=UTF-8''Link%20figure-2.jpg]
[smashcamp.xyz/rails/active_storage/disk/eyJfcmFpbHMiOnsibWVzc2FnZSI6IkJBaDdDVG9JYTJWNVN/empty swimming pool.jpg_; filename_=UTF-8''empty%20swimming%20pool.jpg]
[smashcamp.xyz/rails/active_storage/disk/eyJfcmFpbHMiOnsibWVzc2FnZSI6IkJBaDdDVG9JYTJWNVN/empty swimming pool.jpg_; filename_=UTF-8''empty%20swimming%20pool-2.jpg]
[smashcamp.xyz/rails/active_storage/disk/eyJfcmFpbHMiOnsibWVzc2FnZSI6IkJBaDdDVG9JYTJWNVN/Minion plush.jpg_; filename_=UTF-8''Minion%20plush.jpg]
[smashcamp.xyz/rails/active_storage/disk/eyJfcmFpbHMiOnsibWVzc2FnZSI6IkJBaDdDVG9JYTJWNVN/Minion plush.jpg_; filename_=UTF-8''Minion%20plush-2.jpg]
[smashcamp.xyz/rails/active_storage/disk/eyJfcmFpbHMiOnsibWVzc2FnZSI6IkJBaDdDVG9JYTJWNVN/hot.jpg_; filename_=UTF-8''hot.jpg]
[smashcamp.xyz/rails/active_storage/disk/eyJfcmFpbHMiOnsibWVzc2FnZSI6IkJBaDdDVG9JYTJWNVN/hot.jpg_; filename_=UTF-8''hot-2.jpg]
[smashcamp.xyz/rails/active_storage/disk/eyJfcmFpbHMiOnsibWVzc2FnZSI6IkJBaDdDVG9JYTJWNVN/dog.png_; filename_=UTF-8''dog.png]
[smashcamp.xyz/rails/active_storage/disk/eyJfcmFpbHMiOnsibWVzc2FnZSI6IkJBaDdDVG9JYTJWNVN/dog.png_; filename_=UTF-8''dog-2.png]
[smashcamp.xyz/days/2.html]
[smashcamp.xyz/assets/WelcomeToDay3-6d0f26a267877c681f9b1b0cd13563ca2a05b4a6e273d6a4ce5c681306ca4b7f.png]
[smashcamp.xyz/rails/active_storage/disk/eyJfcmFpbHMiOnsibWVzc2FnZSI6IkJBaDdDVG9JYTJWNVN/magolormerch.jpg_; filename_=UTF-8''magolormerch.jpg]
[smashcamp.xyz/rails/active_storage/disk/eyJfcmFpbHMiOnsibWVzc2FnZSI6IkJBaDdDVG9JYTJWNVN/magolormerch.jpg_; filename_=UTF-8''magolormerch-2.jpg]
[smashcamp.xyz/rails/active_storage/disk/eyJfcmFpbHMiOnsibWVzc2FnZSI6IkJBaDdDVG9JYTJWNVN/lillyramerch.jpg_; filename_=UTF-8''lillyramerch.jpg]
[smashcamp.xyz/rails/active_storage/disk/eyJfcmFpbHMiOnsibWVzc2FnZSI6IkJBaDdDVG9JYTJWNVN/lillyramerch.jpg_; filename_=UTF-8''lillyramerch-2.jpg]
[smashcamp.xyz/rails/active_storage/disk/eyJfcmFpbHMiOnsibWVzc2FnZSI6IkJBaDdDVG9JYTJWNVN/reydonutpool.jpg_; filename_=UTF-8''reydonutpool.jpg]
[smashcamp.xyz/rails/active_storage/disk/eyJfcmFpbHMiOnsibWVzc2FnZSI6IkJBaDdDVG9JYTJWNVN/reydonutpool.jpg_; filename_=UTF-8''reydonutpool-2.jpg]
[smashcamp.xyz/rails/active_storage/disk/eyJfcmFpbHMiOnsibWVzc2FnZSI6IkJBaDdDVG9JYTJWNVN/pipluppool.jpg_; filename_=UTF-8''pipluppool.jpg]
[smashcamp.xyz/rails/active_storage/disk/eyJfcmFpbHMiOnsibWVzc2FnZSI6IkJBaDdDVG9JYTJWNVN/pipluppool.jpg_; filename_=UTF-8''pipluppool-2.jpg]
[smashcamp.xyz/rails/active_storage/disk/eyJfcmFpbHMiOnsibWVzc2FnZSI6IkJBaDdDVG9JYTJWNVN/Screenshot_401.png_; filename_=UTF-8''Screenshot_401.png]
[smashcamp.xyz/rails/active_storage/disk/eyJfcmFpbHMiOnsibWVzc2FnZSI6IkJBaDdDVG9JYTJWNVN/Screenshot_401.png_; filename_=UTF-8''Screenshot_401-2.png]
[smashcamp.xyz/rails/active_storage/disk/eyJfcmFpbHMiOnsibWVzc2FnZSI6IkJBaDdDVG9JYTJWNVN/Screenshot_400.png_; filename_=UTF-8''Screenshot_400.png]
[smashcamp.xyz/rails/active_storage/disk/eyJfcmFpbHMiOnsibWVzc2FnZSI6IkJBaDdDVG9JYTJWNVN/Screenshot_400.png_; filename_=UTF-8''Screenshot_400-2.png]
[smashcamp.xyz/rails/active_storage/disk/eyJfcmFpbHMiOnsibWVzc2FnZSI6IkJBaDdDVG9JYTJWNVN/Non-standard dice.jpg_; filename_=UTF-8''Non-standard%20dice.jpg]
[smashcamp.xyz/rails/active_storage/disk/eyJfcmFpbHMiOnsibWVzc2FnZSI6IkJBaDdDVG9JYTJWNVN/Non-standard dice.jpg_; filename_=UTF-8''Non-standard%20dice-2.jpg]
[smashcamp.xyz/rails/active_storage/disk/eyJfcmFpbHMiOnsibWVzc2FnZSI6IkJBaDdDVG9JYTJWNVN/Barcode.jpg_; filename_=UTF-8''Barcode.jpg]
[smashcamp.xyz/rails/active_storage/disk/eyJfcmFpbHMiOnsibWVzc2FnZSI6IkJBaDdDVG9JYTJWNVN/Barcode.jpg_; filename_=UTF-8''Barcode-2.jpg]
[smashcamp.xyz/rails/active_storage/disk/eyJfcmFpbHMiOnsibWVzc2FnZSI6IkJBaDdDVG9JYTJWNVN/Mug with quote.jpg_; filename_=UTF-8''Mug%20with%20quote.jpg]
[smashcamp.xyz/rails/active_storage/disk/eyJfcmFpbHMiOnsibWVzc2FnZSI6IkJBaDdDVG9JYTJWNVN/Mug with quote.jpg_; filename_=UTF-8''Mug%20with%20quote-2.jpg]
[smashcamp.xyz/days/3.html]
[smashcamp.xyz/assets/WelcomeToDay4-a6bd37762f120e9040cfe0e513370920a0ba59581319b41044bf04416b71ef5c.png]
[smashcamp.xyz/rails/active_storage/disk/eyJfcmFpbHMiOnsibWVzc2FnZSI6IkJBaDdDVG9JYTJWNVN/Breadmug.jpg_; filename_=UTF-8''Breadmug.jpg]
[smashcamp.xyz/rails/active_storage/disk/eyJfcmFpbHMiOnsibWVzc2FnZSI6IkJBaDdDVG9JYTJWNVN/Breadmug.jpg_; filename_=UTF-8''Breadmug-2.jpg]
[smashcamp.xyz/rails/active_storage/disk/eyJfcmFpbHMiOnsibWVzc2FnZSI6IkJBaDdDVG9JYTJWNVN/Chrismug.jpg_; filename_=UTF-8''Chrismug.jpg]
[smashcamp.xyz/rails/active_storage/disk/eyJfcmFpbHMiOnsibWVzc2FnZSI6IkJBaDdDVG9JYTJWNVN/Chrismug.jpg_; filename_=UTF-8''Chrismug-2.jpg]
[smashcamp.xyz/rails/active_storage/disk/eyJfcmFpbHMiOnsibWVzc2FnZSI6IkJBaDdDVG9JYTJWNVN/Rexdice.jpg_; filename_=UTF-8''Rexdice.jpg]
[smashcamp.xyz/rails/active_storage/disk/eyJfcmFpbHMiOnsibWVzc2FnZSI6IkJBaDdDVG9JYTJWNVN/Rexdice.jpg_; filename_=UTF-8''Rexdice-2.jpg]
[smashcamp.xyz/rails/active_storage/disk/eyJfcmFpbHMiOnsibWVzc2FnZSI6IkJBaDdDVG9JYTJWNVN/Sarahdice.jpg_; filename_=UTF-8''Sarahdice.jpg]
[smashcamp.xyz/rails/active_storage/disk/eyJfcmFpbHMiOnsibWVzc2FnZSI6IkJBaDdDVG9JYTJWNVN/Sarahdice.jpg_; filename_=UTF-8''Sarahdice-2.jpg]
[smashcamp.xyz/rails/active_storage/disk/eyJfcmFpbHMiOnsibWVzc2FnZSI6IkJBaDdDVG9JYTJWNVN/Screenshot_407.png_; filename_=UTF-8''Screenshot_407.png]
[smashcamp.xyz/rails/active_storage/disk/eyJfcmFpbHMiOnsibWVzc2FnZSI6IkJBaDdDVG9JYTJWNVN/Screenshot_407.png_; filename_=UTF-8''Screenshot_407-2.png]
[smashcamp.xyz/rails/active_storage/disk/eyJfcmFpbHMiOnsibWVzc2FnZSI6IkJBaDdDVG9JYTJWNVN/Screenshot_405.png_; filename_=UTF-8''Screenshot_405.png]
[smashcamp.xyz/rails/active_storage/disk/eyJfcmFpbHMiOnsibWVzc2FnZSI6IkJBaDdDVG9JYTJWNVN/Screenshot_405.png_; filename_=UTF-8''Screenshot_405-2.png]
[smashcamp.xyz/rails/active_storage/disk/eyJfcmFpbHMiOnsibWVzc2FnZSI6IkJBaDdDVG9JYTJWNVN/Food with celebrity.jpg_; filename_=UTF-8''Food%20with%20celebrity.jpg]
[smashcamp.xyz/rails/active_storage/disk/eyJfcmFpbHMiOnsibWVzc2FnZSI6IkJBaDdDVG9JYTJWNVN/Food with celebrity.jpg_; filename_=UTF-8''Food%20with%20celebrity-2.jpg]
[smashcamp.xyz/rails/active_storage/disk/eyJfcmFpbHMiOnsibWVzc2FnZSI6IkJBaDdDVG9JYTJWNVN/Shirt with face.jpg_; filename_=UTF-8''Shirt%20with%20face.jpg]
[smashcamp.xyz/rails/active_storage/disk/eyJfcmFpbHMiOnsibWVzc2FnZSI6IkJBaDdDVG9JYTJWNVN/Shirt with face.jpg_; filename_=UTF-8''Shirt%20with%20face-2.jpg]
[smashcamp.xyz/rails/active_storage/disk/eyJfcmFpbHMiOnsibWVzc2FnZSI6IkJBaDdDVG9JYTJWNVN/Workout weights.jpg_; filename_=UTF-8''Workout%20weights.jpg]
[smashcamp.xyz/rails/active_storage/disk/eyJfcmFpbHMiOnsibWVzc2FnZSI6IkJBaDdDVG9JYTJWNVN/Workout weights.jpg_; filename_=UTF-8''Workout%20weights-2.jpg]
[smashcamp.xyz/rails/active_storage/disk/eyJfcmFpbHMiOnsibWVzc2FnZSI6IkJBaDdDVG9JYTJWNVN/hot.jpg_; filename_=UTF-8''hot-3.jpg]
[smashcamp.xyz/rails/active_storage/disk/eyJfcmFpbHMiOnsibWVzc2FnZSI6IkJBaDdDVG9JYTJWNVN/hot.jpg_; filename_=UTF-8''hot-4.jpg]
[smashcamp.xyz/rails/active_storage/disk/eyJfcmFpbHMiOnsibWVzc2FnZSI6IkJBaDdDVG9JYTJWNVN/dog.png_; filename_=UTF-8''dog-3.png]
[smashcamp.xyz/rails/active_storage/disk/eyJfcmFpbHMiOnsibWVzc2FnZSI6IkJBaDdDVG9JYTJWNVN/dog.png_; filename_=UTF-8''dog-4.png]
[smashcamp.xyz/days/4.html]
[smashcamp.xyz/assets/WelcomeToDay5-fca67cf19654408b0416a51a8f91b59a1751fb0932f83803ae5e64271013055a.png]
[smashcamp.xyz/rails/active_storage/disk/eyJfcmFpbHMiOnsibWVzc2FnZSI6IkJBaDdDVG9JYTJWNVN/Aidanshirt.jpg_; filename_=UTF-8''Aidanshirt.jpg]
[smashcamp.xyz/rails/active_storage/disk/eyJfcmFpbHMiOnsibWVzc2FnZSI6IkJBaDdDVG9JYTJWNVN/Aidanshirt.jpg_; filename_=UTF-8''Aidanshirt-2.jpg]
[smashcamp.xyz/rails/active_storage/disk/eyJfcmFpbHMiOnsibWVzc2FnZSI6IkJBaDdDVG9JYTJWNVN/Snivyshirt.jpg_; filename_=UTF-8''Snivyshirt.jpg]
[smashcamp.xyz/rails/active_storage/disk/eyJfcmFpbHMiOnsibWVzc2FnZSI6IkJBaDdDVG9JYTJWNVN/Snivyshirt.jpg_; filename_=UTF-8''Snivyshirt-2.jpg]
[smashcamp.xyz/rails/active_storage/disk/eyJfcmFpbHMiOnsibWVzc2FnZSI6IkJBaDdDVG9JYTJWNVN/ztype.png_; filename_=UTF-8''ztype.png]
[smashcamp.xyz/rails/active_storage/disk/eyJfcmFpbHMiOnsibWVzc2FnZSI6IkJBaDdDVG9JYTJWNVN/ztype.png_; filename_=UTF-8''ztype-2.png]
[smashcamp.xyz/rails/active_storage/disk/eyJfcmFpbHMiOnsibWVzc2FnZSI6IkJBaDdDVG9JYTJWNVN/Screenshot_409.png_; filename_=UTF-8''Screenshot_409.png]
[smashcamp.xyz/rails/active_storage/disk/eyJfcmFpbHMiOnsibWVzc2FnZSI6IkJBaDdDVG9JYTJWNVN/Screenshot_409.png_; filename_=UTF-8''Screenshot_409-2.png]
[smashcamp.xyz/rails/active_storage/disk/eyJfcmFpbHMiOnsibWVzc2FnZSI6IkJBaDdDVG9JYTJWNVN/Gingerbread house.jpg_; filename_=UTF-8''Gingerbread%20house.jpg]
[smashcamp.xyz/rails/active_storage/disk/eyJfcmFpbHMiOnsibWVzc2FnZSI6IkJBaDdDVG9JYTJWNVN/Gingerbread house.jpg_; filename_=UTF-8''Gingerbread%20house-2.jpg]
[smashcamp.xyz/rails/active_storage/disk/eyJfcmFpbHMiOnsibWVzc2FnZSI6IkJBaDdDVG9JYTJWNVN/Big hat.jpg_; filename_=UTF-8''Big%20hat.jpg]
[smashcamp.xyz/rails/active_storage/disk/eyJfcmFpbHMiOnsibWVzc2FnZSI6IkJBaDdDVG9JYTJWNVN/Big hat.jpg_; filename_=UTF-8''Big%20hat-2.jpg]
[smashcamp.xyz/rails/active_storage/disk/eyJfcmFpbHMiOnsibWVzc2FnZSI6IkJBaDdDVG9JYTJWNVN/Rabbit.jpg_; filename_=UTF-8''Rabbit.jpg]
[smashcamp.xyz/rails/active_storage/disk/eyJfcmFpbHMiOnsibWVzc2FnZSI6IkJBaDdDVG9JYTJWNVN/Rabbit.jpg_; filename_=UTF-8''Rabbit-2.jpg]
[smashcamp.xyz/days/5.html]
[smashcamp.xyz/rails/active_storage/disk/eyJfcmFpbHMiOnsibWVzc2FnZSI6IkJBaDdDVG9JYTJWNVN/Deanhat.png_; filename_=UTF-8''Deanhat.png]
[smashcamp.xyz/rails/active_storage/disk/eyJfcmFpbHMiOnsibWVzc2FnZSI6IkJBaDdDVG9JYTJWNVN/Deanhat.png_; filename_=UTF-8''Deanhat-2.png]
[smashcamp.xyz/rails/active_storage/disk/eyJfcmFpbHMiOnsibWVzc2FnZSI6IkJBaDdDVG9JYTJWNVN/Jayebunnies.png_; filename_=UTF-8''Jayebunnies.png]
[smashcamp.xyz/rails/active_storage/disk/eyJfcmFpbHMiOnsibWVzc2FnZSI6IkJBaDdDVG9JYTJWNVN/Jayebunnies.png_; filename_=UTF-8''Jayebunnies-2.png]
[smashcamp.xyz/rails/active_storage/disk/eyJfcmFpbHMiOnsibWVzc2FnZSI6IkJBaDdDVG9JYTJWNVN/Kittygingerbread.png_; filename_=UTF-8''Kittygingerbread.png]
[smashcamp.xyz/rails/active_storage/disk/eyJfcmFpbHMiOnsibWVzc2FnZSI6IkJBaDdDVG9JYTJWNVN/Kittygingerbread.png_; filename_=UTF-8''Kittygingerbread-2.png]
[smashcamp.xyz/rails/active_storage/disk/eyJfcmFpbHMiOnsibWVzc2FnZSI6IkJBaDdDVG9JYTJWNVN/Kittyhat.png_; filename_=UTF-8''Kittyhat.png]
[smashcamp.xyz/rails/active_storage/disk/eyJfcmFpbHMiOnsibWVzc2FnZSI6IkJBaDdDVG9JYTJWNVN/Kittyhat.png_; filename_=UTF-8''Kittyhat-2.png]
[smashcamp.xyz/conclusion.html]
[smashcamp.xyz/events/55.html]
[smashcamp.xyz/events/54.html]
[smashcamp.xyz/events/40.html]
[smashcamp.xyz/events/33.html]
[smashcamp.xyz/events/34.html]
[smashcamp.xyz/events/36.html]
[smashcamp.xyz/events/side-events.html]
[smashcamp.xyz/events/53.html]
[smashcamp.xyz/events/1.html]
[smashcamp.xyz/events/2.html]
[smashcamp.xyz/events/3.html]
[smashcamp.xyz/events/4.html]
[smashcamp.xyz/events/5.html]
[smashcamp.xyz/events/50.html]
[smashcamp.xyz/events/10.html]
[smashcamp.xyz/events/6.html]
[smashcamp.xyz/events/7.html]
[smashcamp.xyz/events/8.html]
[smashcamp.xyz/events/9.html]
[smashcamp.xyz/events/61.html]
[smashcamp.xyz/events/11.html]
[smashcamp.xyz/events/12.html]
[smashcamp.xyz/events/15.html]
[smashcamp.xyz/events/16.html]
[smashcamp.xyz/events/25.html]
[smashcamp.xyz/events/17.html]
[smashcamp.xyz/events/18.html]
[smashcamp.xyz/events/19.html]
[smashcamp.xyz/events/20.html]
[smashcamp.xyz/events/21.html]
[smashcamp.xyz/events/22.html]
[smashcamp.xyz/events/13.html]
[smashcamp.xyz/events/26.html]
[smashcamp.xyz/events/27.html]
[smashcamp.xyz/events/51.html]
[smashcamp.xyz/events/58.html]
[smashcamp.xyz/events/48.html]
[smashcamp.xyz/events/49.html]
[smashcamp.xyz/events.html]
[smashcamp.xyz/events/63.html]
[smashcamp.xyz/pages/hall_of_fame.html]
[smashcamp.xyz/assets/chosen-js/chosen-sprite.png]
[smashcamp.xyz/assets/chosen-js/chosen-sprite@2x.png]
[smashcamp.xyz/assets/chosen-js/chosen.min.css]
[smashcamp.xyz/assets/bootstrap4c-chosen/dist/css/component-chosen.min.css]
[smashcamp.xyz/rails/active_storage/disk/eyJfcmFpbHMiOnsibWVzc2FnZSI6IkJBaDdDVG9JYTJWNVN/image.png_; filename_=UTF-8''image.png]
[smashcamp.xyz/rails/active_storage/disk/eyJfcmFpbHMiOnsibWVzc2FnZSI6IkJBaDdDVG9JYTJWNVN/image.png_; filename_=UTF-8''image-2.png]
[smashcamp.xyz/rails/active_storage/disk/eyJfcmFpbHMiOnsibWVzc2FnZSI6IkJBaDdDVG9JYTJWNVN/Screenshot_7.jpg_; filename_=UTF-8''Screenshot_7.jpg]
[smashcamp.xyz/rails/active_storage/disk/eyJfcmFpbHMiOnsibWVzc2FnZSI6IkJBaDdDVG9JYTJWNVN/Screenshot_7.jpg_; filename_=UTF-8''Screenshot_7-2.jpg]
[smashcamp.xyz/events/28.html]
[smashcamp.xyz/rails/active_storage/disk/eyJfcmFpbHMiOnsibWVzc2FnZSI6IkJBaDdDVG9JYTJWNVN/image.png_; filename_=UTF-8''image-3.png]
[smashcamp.xyz/rails/active_storage/disk/eyJfcmFpbHMiOnsibWVzc2FnZSI6IkJBaDdDVG9JYTJWNVN/image.png_; filename_=UTF-8''image-4.png]
[smashcamp.xyz/events/29.html]
[smashcamp.xyz/rails/active_storage/disk/eyJfcmFpbHMiOnsibWVzc2FnZSI6IkJBaDdDVG9JYTJWNVN/image.png_; filename_=UTF-8''image-5.png]
[smashcamp.xyz/rails/active_storage/disk/eyJfcmFpbHMiOnsibWVzc2FnZSI6IkJBaDdDVG9JYTJWNVN/image.png_; filename_=UTF-8''image-6.png]
[smashcamp.xyz/events/52.html]
[smashcamp.xyz/rails/active_storage/disk/eyJfcmFpbHMiOnsibWVzc2FnZSI6IkJBaDdDVG9JYTJWNVN/Screenshot_415.png_; filename_=UTF-8''Screenshot_415.png]
[smashcamp.xyz/rails/active_storage/disk/eyJfcmFpbHMiOnsibWVzc2FnZSI6IkJBaDdDVG9JYTJWNVN/Screenshot_415.png_; filename_=UTF-8''Screenshot_415-2.png]
[smashcamp.xyz/events/41.html]
[smashcamp.xyz/rails/active_storage/disk/eyJfcmFpbHMiOnsibWVzc2FnZSI6IkJBaDdDVG9JYTJWNVN/Screenshot_337.png_; filename_=UTF-8''Screenshot_337.png]
[smashcamp.xyz/rails/active_storage/disk/eyJfcmFpbHMiOnsibWVzc2FnZSI6IkJBaDdDVG9JYTJWNVN/Screenshot_337.png_; filename_=UTF-8''Screenshot_337-2.png]
[smashcamp.xyz/events/38.html]
[smashcamp.xyz/rails/active_storage/disk/eyJfcmFpbHMiOnsibWVzc2FnZSI6IkJBaDdDVG9JYTJWNVN/Screenshot_5.png_; filename_=UTF-8''Screenshot_5.png]
[smashcamp.xyz/rails/active_storage/disk/eyJfcmFpbHMiOnsibWVzc2FnZSI6IkJBaDdDVG9JYTJWNVN/Screenshot_5.png_; filename_=UTF-8''Screenshot_5-2.png]
[smashcamp.xyz/events/39.html]
[smashcamp.xyz/rails/active_storage/disk/eyJfcmFpbHMiOnsibWVzc2FnZSI6IkJBaDdDVG9JYTJWNVN/image.png_; filename_=UTF-8''image-7.png]
[smashcamp.xyz/rails/active_storage/disk/eyJfcmFpbHMiOnsibWVzc2FnZSI6IkJBaDdDVG9JYTJWNVN/image.png_; filename_=UTF-8''image-8.png]
[smashcamp.xyz/events/31.html]
[smashcamp.xyz/rails/active_storage/disk/eyJfcmFpbHMiOnsibWVzc2FnZSI6IkJBaDdDVG9JYTJWNVN/super-auto-pets-tier-list_jpg_820.webp_; filename_=UTF-8''super-auto-pets-tier-list_jpg_820.webp]
[smashcamp.xyz/rails/active_storage/disk/eyJfcmFpbHMiOnsibWVzc2FnZSI6IkJBaDdDVG9JYTJWNVN/super-auto-pets-tier-list_jpg_820.png_; filename_=UTF-8''super-auto-pets-tier-list_jpg_820.png]
[smashcamp.xyz/events/60.html]
[smashcamp.xyz/rails/active_storage/disk/eyJfcmFpbHMiOnsibWVzc2FnZSI6IkJBaDdDVG9JYTJWNVN/249px-Quixort_Menu.webp_; filename_=UTF-8''249px-Quixort_Menu.webp]
[smashcamp.xyz/rails/active_storage/disk/eyJfcmFpbHMiOnsibWVzc2FnZSI6IkJBaDdDVG9JYTJWNVN/249px-Quixort_Menu.png_; filename_=UTF-8''249px-Quixort_Menu.png]
[smashcamp.xyz/events/62.html]
[smashcamp.xyz/rails/active_storage/disk/eyJfcmFpbHMiOnsibWVzc2FnZSI6IkJBaDdDVG9JYTJWNVN/image.png_; filename_=UTF-8''image-9.png]
[smashcamp.xyz/rails/active_storage/disk/eyJfcmFpbHMiOnsibWVzc2FnZSI6IkJBaDdDVG9JYTJWNVN/image.png_; filename_=UTF-8''image-10.png]
[smashcamp.xyz/events/32.html]
[smashcamp.xyz/assets/KLEEEE-7010982bc24b5a915982cc83b14909bbe8054b48e2e3c2359b521622609c4fa9.png]
[smashcamp.xyz/REEEE.html]
[smashcamp.xyz/rails/active_storage/disk/eyJfcmFpbHMiOnsibWVzc2FnZSI6IkJBaDdDVG9JYTJWNVN/Screenshot_411.png_; filename_=UTF-8''Screenshot_411.png]
[smashcamp.xyz/rails/active_storage/disk/eyJfcmFpbHMiOnsibWVzc2FnZSI6IkJBaDdDVG9JYTJWNVN/Screenshot_411.png_; filename_=UTF-8''Screenshot_411-2.png]
[smashcamp.xyz/events/56.html]
[smashcamp.xyz/rails/active_storage/disk/eyJfcmFpbHMiOnsibWVzc2FnZSI6IkJBaDdDVG9JYTJWNVN/image.png_; filename_=UTF-8''image-11.png]
[smashcamp.xyz/rails/active_storage/disk/eyJfcmFpbHMiOnsibWVzc2FnZSI6IkJBaDdDVG9JYTJWNVN/image.png_; filename_=UTF-8''image-12.png]
[smashcamp.xyz/events/55.html]
[smashcamp.xyz/rails/active_storage/disk/eyJfcmFpbHMiOnsibWVzc2FnZSI6IkJBaDdDVG9JYTJWNVN/SMASH_CAMP.png_; filename_=UTF-8''SMASH_CAMP.png]
[smashcamp.xyz/rails/active_storage/disk/eyJfcmFpbHMiOnsibWVzc2FnZSI6IkJBaDdDVG9JYTJWNVN/SMASH_CAMP.png_; filename_=UTF-8''SMASH_CAMP-2.png]
[smashcamp.xyz/events/54.html]
[smashcamp.xyz/events/40.html]
[smashcamp.xyz/events/33.html]
[smashcamp.xyz/events/34.html]
[smashcamp.xyz/events/36.html]
[smashcamp.xyz/events/53.html]
[smashcamp.xyz/events/1.html]
[smashcamp.xyz/events/2.html]
[smashcamp.xyz/events/3.html]
[smashcamp.xyz/events/4.html]
[smashcamp.xyz/events/5.html]
[smashcamp.xyz/events/50.html]
[smashcamp.xyz/events/10.html]
[smashcamp.xyz/events/6.html]
[smashcamp.xyz/events/7.html]
[smashcamp.xyz/events/8.html]
[smashcamp.xyz/events/9.html]
[smashcamp.xyz/events/61.html]
[smashcamp.xyz/events/11.html]
[smashcamp.xyz/events/12.html]
[smashcamp.xyz/events/15.html]
[smashcamp.xyz/events/16.html]
[smashcamp.xyz/events/25.html]
[smashcamp.xyz/events/17.html]
[smashcamp.xyz/events/18.html]
[smashcamp.xyz/events/19.html]
[smashcamp.xyz/events/20.html]
[smashcamp.xyz/events/21.html]
[smashcamp.xyz/events/22.html]
[smashcamp.xyz/events/13.html]
[smashcamp.xyz/events/26.html]
[smashcamp.xyz/events/27.html]
[smashcamp.xyz/events/51.html]
[smashcamp.xyz/events/58.html]
[smashcamp.xyz/events/48.html]
[smashcamp.xyz/events/49.html]
[smashcamp.xyz/events/63.html]
